{
  "test.ns.RefType" : {
    "attributes" : {
      "fooAttr" : {
        "xmlName" : "FooAttr",
        "xmlRepresentation" : "ATTRIBUTE"
      }
    }
  }
}