{
  "test.ns.FooEnum" : {
    "enumValues" : {
      "_1" : "1",
      "_2" : "2",
      "FOO1" : "Foo1",
      "FOO2" : "Foo2"
    }
  }
}