{
  "test.ns.Document" : {
    "attributes" : {
      "attr" : {
        "xmlName" : "Attr"
      },
      "value" : {
        "xmlName" : "Value"
      }
    }
  },
  "test.ns.Foo" : {
    "attributes" : {
      "attr1" : {
        "xmlName" : "Attr1"
      },
      "xmlValue" : {
        "xmlName" : "XMLValue"
      }
    }
  },
  "test.ns.Measure" : {
    "attributes" : {
      "value" : {
        "xmlRepresentation" : "VALUE"
      },
      "unit" : {
        "xmlName" : "Unit",
        "xmlRepresentation" : "ATTRIBUTE"
      }
    }
  },
  "test.ns.TopLevel" : {
    "xmlElementName" : "TopLevel",
    "xmlElementFullyQualifiedName" : "urn:my.schema/TopLevel",
    "abstract" : false,
    "xmlAttributes" : {
      "xmlns" : "urn:my.schema",
      "xmlns:xsi" : "http://www.w3.org/2001/XMLSchema-instance"
    }
  },
  "test.ns.UnitEnum" : {
    "enumValues" : {
      "METER" : "Meter",
      "KILOGRAM" : "Kilogram"
    }
  }
}