{
  "test.ns.BarEnum" : {
    "enumValues" : {
      "BAR1" : "Bar1",
      "BAR2" : "Bar2"
    }
  },
  "test.ns.FooBarEnum" : {
    "enumValues" : {
      "FOO1" : "Foo1",
      "FOO2" : "Foo2",
      "BAR1" : "Bar1",
      "BAR2" : "Bar2"
    }
  },
  "test.ns.FooEnum" : {
    "enumValues" : {
      "FOO1" : "Foo1",
      "FOO2" : "Foo2"
    }
  }
}