{
  "test.ns.BarEnum" : {
    "enumValues" : {
      "BAR1" : "Bar1",
      "BAR2" : "Bar2"
    }
  },
  "test.ns.BazEnum" : {
    "enumValues" : {
      "BAZ1" : "Baz1",
      "BAZ2" : "Baz2"
    }
  },
  "test.ns.FooBarBazEnum" : {
    "enumValues" : {
      "FOO1" : "Foo1",
      "FOO2" : "Foo2",
      "BAR1" : "Bar1",
      "BAR2" : "Bar2",
      "BAZ1" : "Baz1",
      "BAZ2" : "Baz2"
    }
  },
  "test.ns.FooEnum" : {
    "enumValues" : {
      "FOO1" : "Foo1",
      "FOO2" : "Foo2"
    }
  }
}