{
  "test.ns.Foo" : {
    "attributes" : {
      "fooAttr" : {
        "xmlName" : "FooAttr"
      }
    }
  }
}