{
  "test.ns.AnimalBase" : {
    "attributes" : {
      "name" : {
        "xmlRepresentation" : "ATTRIBUTE"
      }
    }
  },
  "test.ns.Cow" : {
    "substitutionGroup" : "http://www.test.com/test/animal",
    "xmlElementName" : "cow"
  },
  "test.ns.Document" : {
    "xmlElementName" : "document",
    "xmlAttributes" : {
      "xmlns" : "http://www.test.com/test",
      "xmlns:xsi" : "http://www.w3.org/2001/XMLSchema-instance"
    },
    "attributes" : {
      "animal" : {
        "substitutionGroup" : "http://www.test.com/test/animal"
      }
    }
  },
  "test.ns.Goat" : {
    "substitutionGroup" : "http://www.test.com/test/animal",
    "xmlElementName" : "goat"
  }
}